src/app/App.tsx(5,1): error TS6133: 'React' is declared but its value is never read.
src/components/layout/AppShell.tsx(6,8): error TS6133: 'React' is declared but its value is never read.
src/components/layout/TopBar.tsx(6,8): error TS6133: 'React' is declared but its value is never read.
src/hooks/queries/useCensusReview.ts(20,9): error TS6133: 'user' is declared but its value is never read.
src/hooks/queries/useEmployeeSelfService.ts(3,38): error TS6196: 'EmployeeUpdateRequestItem' is declared but never used.
src/hooks/queries/useOffices.ts(1,20): error TS6133: 'useMutation' is declared but its value is never read.
src/hooks/queries/useOffices.ts(1,33): error TS6133: 'useQueryClient' is declared but its value is never read.
src/hooks/queries/useOffices.ts(46,33): error TS6133: 'acc' is declared but its value is never read.
src/hooks/queries/useOffices.ts(46,38): error TS6133: 'office' is declared but its value is never read.
src/hooks/queries/useParties.ts(3,15): error TS6196: 'Party' is declared but never used.
src/hooks/queries/useParties.ts(3,22): error TS6196: 'PersonParty' is declared but never used.
src/hooks/queries/useParties.ts(3,35): error TS6196: 'OrgParty' is declared but never used.
src/hooks/queries/useSchoolPortal.ts(1,20): error TS6133: 'useMutation' is declared but its value is never read.
src/hooks/queries/useSchoolPortal.ts(1,33): error TS6133: 'useQueryClient' is declared but its value is never read.
src/hooks/queries/useWorkflows.ts(3,67): error TS6196: 'WorkflowTransition' is declared but never used.
src/pages/admin/AdminDelegationsPage.tsx(1,1): error TS6133: 'React' is declared but its value is never read.
src/pages/admin/AdminHierarchyPage.tsx(1,1): error TS6133: 'React' is declared but its value is never read.
src/pages/admin/AdminLayout.tsx(1,1): error TS6133: 'React' is declared but its value is never read.
src/pages/admin/AdminLayout.tsx(3,84): error TS6133: 'KeyRound' is declared but its value is never read.
src/pages/admin/AdminOfficesPage.tsx(1,1): error TS6133: 'React' is declared but its value is never read.
src/pages/admin/AdminOrganizationsPage.tsx(1,1): error TS6133: 'React' is declared but its value is never read.
src/pages/admin/AdminResponsibilitiesPage.tsx(1,1): error TS6133: 'React' is declared but its value is never read.
src/pages/admin/AdminRoleAssignmentsPage.tsx(1,1): error TS6133: 'React' is declared but its value is never read.
src/pages/admin/AdminRolesPoliciesPage.tsx(1,1): error TS6133: 'React' is declared but its value is never read.
src/pages/admin/AdminRolesPoliciesPage.tsx(3,10): error TS6133: 'Plus' is declared but its value is never read.
src/pages/admin/AdminSectionsPage.tsx(1,1): error TS6133: 'React' is declared but its value is never read.
src/pages/admin/AdminUsersPage.tsx(1,1): error TS6133: 'React' is declared but its value is never read.
src/pages/admin/AdminWorkflowsPage.tsx(1,8): error TS6133: 'React' is declared but its value is never read.
src/pages/admin/AdminWorkflowsPage.tsx(3,26): error TS6133: 'ArrowRight' is declared but its value is never read.
src/pages/admin/PostManagementGrid.tsx(6,8): error TS6133: 'React' is declared but its value is never read.
src/pages/cases/CasesListPage.tsx(1,1): error TS6133: 'React' is declared but its value is never read.
src/pages/employee/EmployeeSelfService.tsx(1,17): error TS6133: 'useState' is declared but its value is never read.
src/pages/employee/EmployeeSelfService.tsx(5,42): error TS6133: 'ChevronRight' is declared but its value is never read.
src/pages/employee/EmployeeUpdateRequestForm.tsx(1,8): error TS6133: 'React' is declared but its value is never read.
src/pages/employees/EmployeeBulkImportPage.tsx(1,8): error TS6133: 'React' is declared but its value is never read.
src/pages/employees/EmployeeBulkImportPage.tsx(2,18): error TS6133: 'FileUp' is declared but its value is never read.
src/pages/employees/EmployeeBulkImportPage.tsx(2,52): error TS6133: 'X' is declared but its value is never read.
src/pages/employees/EmployeeProfilePage.tsx(1,8): error TS6133: 'React' is declared but its value is never read.
src/pages/employees/EmployeeProfileTabs.tsx(1,1): error TS6133: 'React' is declared but its value is never read.
src/pages/employees/EmployeeProfileTabs.tsx(2,20): error TS6133: 'MapPin' is declared but its value is never read.
src/pages/employees/EmployeeProfileTabs.tsx(2,28): error TS6133: 'Briefcase' is declared but its value is never read.
src/pages/employees/EmployeesListPage.tsx(1,8): error TS6133: 'React' is declared but its value is never read.
src/pages/employees/EmployeesListPage.tsx(3,33): error TS6133: 'ChevronRight' is declared but its value is never read.
src/pages/enrollment/EnrollmentReviewPanel.tsx(1,8): error TS6133: 'React' is declared but its value is never read.
src/pages/enrollment/EnrollmentReviewPanel.tsx(2,40): error TS6133: 'AlertCircle' is declared but its value is never read.
src/pages/enrollment/EnrollmentSubmissionForm.tsx(1,8): error TS6133: 'React' is declared but its value is never read.
src/pages/infrastructure/InfrastructureCensusForm.tsx(1,8): error TS6133: 'React' is declared but its value is never read.
src/pages/infrastructure/InfrastructureCensusForm.tsx(7,65): error TS6133: 'Zap' is declared but its value is never read.
src/pages/infrastructure/InfrastructureCensusForm.tsx(7,99): error TS6133: 'User' is declared but its value is never read.
src/pages/infrastructure/InfrastructureCensusForm.tsx(459,32): error TS6133: 'metricKey' is declared but its value is never read.
src/pages/infrastructure/InfrastructureReviewPanel.tsx(1,1): error TS6133: 'React' is declared but its value is never read.
src/pages/orders/OrdersListPage.tsx(1,1): error TS6133: 'React' is declared but its value is never read.
src/pages/posts/CensusReviewPanel.tsx(6,8): error TS6133: 'React' is declared but its value is never read.
src/pages/posts/CensusReviewPanel.tsx(273,37): error TS6133: 'res' is declared but its value is never read.
src/pages/posts/PostCensusForm.tsx(6,8): error TS6133: 'React' is declared but its value is never read.
src/pages/posts/PostCensusForm.tsx(43,9): error TS6133: 'user' is declared but its value is never read.
src/pages/reports/DeficiencyDashboard.tsx(1,1): error TS6133: 'React' is declared but its value is never read.
src/pages/reports/EnrollmentDashboard.tsx(1,1): error TS6133: 'React' is declared but its value is never read.
src/pages/reports/VacancyDashboard.tsx(6,8): error TS6133: 'React' is declared but its value is never read.
src/pages/students/StudentProfileForm.tsx(1,1): error TS6133: 'React' is declared but its value is never read.
src/pages/students/StudentRegister.tsx(1,8): error TS6133: 'React' is declared but its value is never read.
src/pages/workqueue/MyWorkQueuePage.tsx(10,3): error TS6133: 'Filter' is declared but its value is never read.
src/pages/workqueue/MyWorkQueuePage.tsx(10,49): error TS6133: 'ExternalLink' is declared but its value is never read.
src/pages/workqueue/MyWorkQueuePage.tsx(11,3): error TS6133: 'Zap' is declared but its value is never read.
src/pages/workqueue/MyWorkQueuePage.tsx(11,20): error TS6133: 'MoreHorizontal' is declared but its value is never read.
src/pages/workqueue/SectionQueuePage.tsx(1,8): error TS6133: 'React' is declared but its value is never read.
src/pages/workqueue/SectionQueuePage.tsx(3,59): error TS6133: 'ChevronRight' is declared but its value is never read.
src/pages/workqueue/SectionQueuePage.tsx(7,9): error TS6133: 'user' is declared but its value is never read.
src/pages/zeo/ZeoReviewDashboard.tsx(1,8): error TS6133: 'React' is declared but its value is never read.
src/pages/zeo/ZeoReviewDashboard.tsx(4,44): error TS6133: 'Users' is declared but its value is never read.
src/pages/zeo/ZeoReviewDashboard.tsx(5,3): error TS6133: 'CheckCircle' is declared but its value is never read.
src/pages/zeo/ZeoReviewDashboard.tsx(5,16): error TS6133: 'RotateCcw' is declared but its value is never read.
src/pages/zeo/ZeoReviewDashboard.tsx(5,27): error TS6133: 'Clock' is declared but its value is never read.
src/pages/zeo/ZeoReviewDashboard.tsx(6,3): error TS6133: 'ChevronRight' is declared but its value is never read.
